[www.huisartsenpraktijkrolde.nl/index.html]
[www.huisartsenpraktijkrolde.nl/assets/css/bootstrap.min.css]
[www.huisartsenpraktijkrolde.nl/assets/css/animate.min.css]
[www.huisartsenpraktijkrolde.nl/assets/fonts/flaticon.css]
[www.huisartsenpraktijkrolde.nl/assets/css/boxicons.min.css]
[www.huisartsenpraktijkrolde.nl/assets/css/owl.carousel.min.css]
[www.huisartsenpraktijkrolde.nl/assets/css/owl.theme.default.min.css]
[www.huisartsenpraktijkrolde.nl/assets/css/nice-select.min.css]
[www.huisartsenpraktijkrolde.nl/assets/css/meanmenu.css]
[www.huisartsenpraktijkrolde.nl/assets/css/style.css]
[www.huisartsenpraktijkrolde.nl/assets/css/responsive.css]
[backblue.gif]
[fade.gif]
[index.html]
[www.huisartsenpraktijkrolde.nl/favicon/apple-icon-57x57.png]
[www.huisartsenpraktijkrolde.nl/favicon/apple-icon-60x60.png]
[www.huisartsenpraktijkrolde.nl/favicon/apple-icon-72x72.png]
[www.huisartsenpraktijkrolde.nl/favicon/apple-icon-76x76.png]
[www.huisartsenpraktijkrolde.nl/favicon/apple-icon-114x114.png]
[www.huisartsenpraktijkrolde.nl/favicon/apple-icon-120x120.png]
[www.huisartsenpraktijkrolde.nl/favicon/apple-icon-144x144.png]
[www.huisartsenpraktijkrolde.nl/favicon/apple-icon-152x152.png]
[www.huisartsenpraktijkrolde.nl/favicon/apple-icon-180x180.png]
[www.huisartsenpraktijkrolde.nl/favicon/android-icon-192x192.png]
[www.huisartsenpraktijkrolde.nl/favicon/favicon-32x32.png]
[www.huisartsenpraktijkrolde.nl/favicon/favicon-96x96.png]
[www.huisartsenpraktijkrolde.nl/favicon/favicon-16x16.png]
[www.huisartsenpraktijkrolde.nl/favicon/manifest.json]
[www.huisartsenpraktijkrolde.nl/favicon/ms-icon-144x144.png]
[www.huisartsenpraktijkrolde.nl/index-2.html]
[www.huisartsenpraktijkrolde.nl/assets/img/logo.png]
[www.huisartsenpraktijkrolde.nl/huisartsenpraktijk-rolde-spreekuur.html]
[www.huisartsenpraktijkrolde.nl/huisartsenpraktijk-rolde-recepten.html]
[www.huisartsenpraktijkrolde.nl/huisartsenpraktijk-rolde-formulieren.html]
[www.huisartsenpraktijkrolde.nl/huisartsenpraktijk-rolde-over-ons.html]
[www.huisartsenpraktijkrolde.nl/huisartsenpraktijk-rolde-medewerkers.html]
[www.huisartsenpraktijkrolde.nl/huisartsenpraktijk-rolde-patientenenquete.html]
[www.huisartsenpraktijkrolde.nl/huisartsenpraktijk-rolde-klachtenregeling.html]
[www.huisartsenpraktijkrolde.nl/huisartsenpraktijk-rolde-afspraak-maken.html]
[www.huisartsenpraktijkrolde.nl/huisartsenpraktijk-rolde-afspraak-afzeggen.html]
[www.huisartsenpraktijkrolde.nl/huisartsenpraktijk-rolde-contact.html]
[www.huisartsenpraktijkrolde.nl/mijngezondheidnet.html]
[www.huisartsenpraktijkrolde.nl/assets/img/extra-info-mijngezondheid-net.jpg]
[www.huisartsenpraktijkrolde.nl/assets/img/download-app-store.jpg]
[www.huisartsenpraktijkrolde.nl/assets/img/download-google-play.jpg]
[www.huisartsenpraktijkrolde.nl/huisartsenpraktijk-rolde-urinecontrole.html]
[www.huisartsenpraktijkrolde.nl/huisartsenpraktijk-rolde-privacyverklaring.html]
[www.huisartsenpraktijkrolde.nl/huisartsenpraktijk-rolde-disclaimer.html]
[www.huisartsenpraktijkrolde.nl/assets/js/jquery-3.5.1.slim.min.js]
[www.huisartsenpraktijkrolde.nl/assets/js/bootstrap.bundle.min.js]
[www.huisartsenpraktijkrolde.nl/assets/js/jquery.magnific-popup.min.js]
[www.huisartsenpraktijkrolde.nl/assets/js/owl.carousel.min.js]
[www.huisartsenpraktijkrolde.nl/assets/js/jquery.nice-select.min.js]
[www.huisartsenpraktijkrolde.nl/assets/js/wow.min.js]
[www.huisartsenpraktijkrolde.nl/assets/js/meanmenu.js]
[www.huisartsenpraktijkrolde.nl/assets/js/datepicker.min.js]
[www.huisartsenpraktijkrolde.nl/assets/js/jquery.ajaxchimp.min.js]
[www.huisartsenpraktijkrolde.nl/assets/js/form-validator.min.js]
[www.huisartsenpraktijkrolde.nl/assets/js/contact-form-script.js]
[www.huisartsenpraktijkrolde.nl/assets/js/custom.js]
[www.huisartsenpraktijkrolde.nl/index.html]
[www.huisartsenpraktijkrolde.nl/assets/css/bootstrap.min.css]
[www.huisartsenpraktijkrolde.nl/assets/css/animate.min.css]
[www.huisartsenpraktijkrolde.nl/assets/fonts/Flaticon.eot]
[www.huisartsenpraktijkrolde.nl/assets/fonts/Flaticond41d.eot]
[www.huisartsenpraktijkrolde.nl/assets/fonts/Flaticon.woff2]
[www.huisartsenpraktijkrolde.nl/assets/fonts/Flaticon.woff]
[www.huisartsenpraktijkrolde.nl/assets/fonts/Flaticon.ttf]
[www.huisartsenpraktijkrolde.nl/assets/fonts/Flaticon.svg]
[www.huisartsenpraktijkrolde.nl/assets/fonts/flaticon.css]
[www.huisartsenpraktijkrolde.nl/assets/fonts/boxicons.eot]
[www.huisartsenpraktijkrolde.nl/assets/fonts/boxicons.woff2]
[www.huisartsenpraktijkrolde.nl/assets/fonts/boxicons.woff]
[www.huisartsenpraktijkrolde.nl/assets/fonts/boxicons.ttf]
[www.huisartsenpraktijkrolde.nl/assets/css/boxicons.min.css]
[www.huisartsenpraktijkrolde.nl/assets/fonts/boxiconsd41d.svg]
[www.huisartsenpraktijkrolde.nl/assets/css/owl.carousel.min.css]
[www.huisartsenpraktijkrolde.nl/assets/css/owl.theme.default.min.css]
[www.huisartsenpraktijkrolde.nl/assets/css/nice-select.min.css]
[www.huisartsenpraktijkrolde.nl/assets/css/meanmenu.css]
[www.huisartsenpraktijkrolde.nl/assets/img/home-header.jpg]
[www.huisartsenpraktijkrolde.nl/assets/img/bg/heide-01.jpg]
[www.huisartsenpraktijkrolde.nl/assets/img/bg/heide-02.jpg]
[www.huisartsenpraktijkrolde.nl/assets/img/bg/heide-03.jpg]
[www.huisartsenpraktijkrolde.nl/assets/img/bg/heide-04.jpg]
[www.huisartsenpraktijkrolde.nl/assets/img/bg/index-spoed.jpg]
[www.huisartsenpraktijkrolde.nl/assets/img/bg/quin-index.jpg]
[www.huisartsenpraktijkrolde.nl/assets/img/bg/urinecontrole.jpg]
[www.huisartsenpraktijkrolde.nl/assets/img/faq-img.jpg]
[www.huisartsenpraktijkrolde.nl/assets/img/footer-bg.png]
[www.huisartsenpraktijkrolde.nl/assets/css/style.css]
[www.huisartsenpraktijkrolde.nl/assets/css/responsive.css]
[www.huisartsenpraktijkrolde.nl/index-2.html]
[www.huisartsenpraktijkrolde.nl/huisartsenpraktijk-rolde-spreekuur.html]
[www.huisartsenpraktijkrolde.nl/huisartsenpraktijk-rolde-recepten.html]
[www.huisartsenpraktijkrolde.nl/downloads/inschrijfformulier-huisartsenpraktijk-rolde.pdf]
[www.huisartsenpraktijkrolde.nl/downloads/inschrijfformulier-passant-huisartsenpraktijk-rolde.pdf]
[www.huisartsenpraktijkrolde.nl/downloads/inzage-afschrift-correctie-medische-gegevens.pdf]
[www.huisartsenpraktijkrolde.nl/downloads/toestemming-voor-delen-van-medische-informatie-met-derden.pdf]
[www.huisartsenpraktijkrolde.nl/downloads/wilsverklaring-levenstestament-euthanasieverklaring.pdf]
[www.huisartsenpraktijkrolde.nl/downloads/uitschrijfformulier-huisartsenpraktijk-rolde.pdf]
[www.huisartsenpraktijkrolde.nl/huisartsenpraktijk-rolde-formulieren.html]
[www.huisartsenpraktijkrolde.nl/assets/img/over-ons.jpg]
[www.huisartsenpraktijkrolde.nl/huisartsenpraktijk-rolde-over-ons.html]
[www.huisartsenpraktijkrolde.nl/assets/img/medewerkers/template.png]
[www.huisartsenpraktijkrolde.nl/huisartsenpraktijk-rolde-huisarts-io.html]
[www.huisartsenpraktijkrolde.nl/huisartsenpraktijk-rolde-medewerkers.html]
[www.huisartsenpraktijkrolde.nl/huisartsenpraktijk-rolde-patientenenquete.html]
[www.huisartsenpraktijkrolde.nl/huisartsenpraktijk-rolde-klachtenregeling.html]
[www.huisartsenpraktijkrolde.nl/huisartsenpraktijk-rolde-afspraak-maken.html]
[www.huisartsenpraktijkrolde.nl/huisartsenpraktijk-rolde-afspraak-afzeggen.html]
[www.huisartsenpraktijkrolde.nl/huisartsenpraktijk-rolde-contact.html]
[www.huisartsenpraktijkrolde.nl/assets/img/mijngezondeheidnet.jpg]
[www.huisartsenpraktijkrolde.nl/mijngezondheidnet.html]
[www.huisartsenpraktijkrolde.nl/huisartsenpraktijk-rolde-urinecontrole.html]
[www.huisartsenpraktijkrolde.nl/huisartsenpraktijk-rolde-privacyverklaring.html]
[www.huisartsenpraktijkrolde.nl/assets/img/shutterstock/shutterstock_691984198.jpg]
[www.huisartsenpraktijkrolde.nl/assets/img/shutterstock/shutterstock_1080317963.jpg]
[www.huisartsenpraktijkrolde.nl/assets/img/shutterstock/shutterstock_2038814411.jpg]
[www.huisartsenpraktijkrolde.nl/assets/img/shutterstock/shutterstock_1907021446.jpg]
[www.huisartsenpraktijkrolde.nl/assets/img/shutterstock/shutterstock_1488343799.jpg]
[www.huisartsenpraktijkrolde.nl/assets/img/shutterstock/shutterstock_1348222649.jpg]
[www.huisartsenpraktijkrolde.nl/assets/img/shutterstock/shutterstock_2044934987.jpg]
[www.huisartsenpraktijkrolde.nl/assets/img/shutterstock/shutterstock_173815904.jpg]
[www.huisartsenpraktijkrolde.nl/huisartsenpraktijk-rolde-disclaimer.html]
[www.huisartsenpraktijkrolde.nl/assets/fonts/Flaticon.svg]
[www.huisartsenpraktijkrolde.nl/assets/fonts/boxiconsd41d.svg]
[www.huisartsenpraktijkrolde.nl/assets/css/owl.video.play.html]
[www.huisartsenpraktijkrolde.nl/assets/img/home-two/home-two-bg.html]
[www.huisartsenpraktijkrolde.nl/assets/img/home-three-bg.html]
[www.huisartsenpraktijkrolde.nl/assets/img/appointment/appoinment-bg.html]
[www.huisartsenpraktijkrolde.nl/assets/img/services/service-img1.html]
[www.huisartsenpraktijkrolde.nl/assets/img/services/service-img2.html]
[www.huisartsenpraktijkrolde.nl/assets/img/services/service-img3.html]
[www.huisartsenpraktijkrolde.nl/assets/img/services/service-img4.html]
[www.huisartsenpraktijkrolde.nl/assets/img/services/service-img5.html]
[www.huisartsenpraktijkrolde.nl/assets/img/services/service-img6.html]
[www.huisartsenpraktijkrolde.nl/assets/img/consultancy/consultancy-bg.html]
[www.huisartsenpraktijkrolde.nl/assets/img/insurance-bg.html]
[www.huisartsenpraktijkrolde.nl/assets/img/prescription/prescription-bg.html]
[www.huisartsenpraktijkrolde.nl/assets/img/case-study/case-study-bg.html]
[www.huisartsenpraktijkrolde.nl/assets/img/serve/serve-bg.html]
[www.huisartsenpraktijkrolde.nl/assets/img/serve/serve-img.html]
[www.huisartsenpraktijkrolde.nl/assets/img/blog/blog-img.html]
[www.huisartsenpraktijkrolde.nl/assets/img/blog/blog-img2.html]
[www.huisartsenpraktijkrolde.nl/assets/img/blog/blog-img3.html]
[www.huisartsenpraktijkrolde.nl/assets/img/testimonials/testimonials-bg.html]
[www.huisartsenpraktijkrolde.nl/assets/img/brand/brand-bg.html]
[www.huisartsenpraktijkrolde.nl/assets/img/subscribe-img/subscribe-img.html]
[www.huisartsenpraktijkrolde.nl/assets/img/inner-banner/inner-banner-11.html]
[www.huisartsenpraktijkrolde.nl/huisartsenpraktijk-rolde-huisarts-io.html]
